// Jest Snapshot v1, https://jestjs.io/docs/snapshot-testing

exports[`Profile Page should render 1`] = `
{
  "asFragment": [Function],
  "baseElement": <body>
    <div>
      <div
        class="px-16"
      >
        <div
          class="w-40 h-40 rounded-full bg-sky-300"
        />
        <form
          action="#"
        >
          <div
            class="grid grid-cols-2 gap-4"
          >
            <div
              class="flex flex-col gap-2 my-4"
            >
              <label
                class="flex items-center gap-2 text-sm leading-none font-medium select-none group-data-[disabled=true]:pointer-events-none group-data-[disabled=true]:opacity-50 mb-1 peer-disabled:cursor-not-allowed peer-disabled:opacity-50"
                data-slot="label"
              >
                Nama Depan
              </label>
              <input
                class="file:text-foreground placeholder:text-muted-foreground/70 selection:bg-primary selection:text-primary-foreground dark:bg-input/30 flex h-11 w-full min-w-0 rounded-sm border bg-transparent px-3 py-1 text-base shadow-xs transition-[color,box-shadow] outline-none file:inline-flex file:h-7 file:border-0 file:bg-transparent file:text-sm file:font-medium disabled:pointer-events-none disabled:cursor-not-allowed disabled:opacity-50 md:text-sm focus-visible:border-ring focus-visible:ring-ring/50 focus-visible:ring-[3px] aria-invalid:ring-destructive/20 dark:aria-invalid:ring-destructive/40 aria-invalid:border-destructive border-foreground"
                data-slot="input"
                disabled=""
                id="firstName"
                type="text"
                value="John"
              />
            </div>
            <div
              class="flex flex-col gap-2 my-4"
            >
              <label
                class="flex items-center gap-2 text-sm leading-none font-medium select-none group-data-[disabled=true]:pointer-events-none group-data-[disabled=true]:opacity-50 mb-1 peer-disabled:cursor-not-allowed peer-disabled:opacity-50"
                data-slot="label"
              >
                Nama Belakang
              </label>
              <input
                class="file:text-foreground placeholder:text-muted-foreground/70 selection:bg-primary selection:text-primary-foreground dark:bg-input/30 flex h-11 w-full min-w-0 rounded-sm border bg-transparent px-3 py-1 text-base shadow-xs transition-[color,box-shadow] outline-none file:inline-flex file:h-7 file:border-0 file:bg-transparent file:text-sm file:font-medium disabled:pointer-events-none disabled:cursor-not-allowed disabled:opacity-50 md:text-sm focus-visible:border-ring focus-visible:ring-ring/50 focus-visible:ring-[3px] aria-invalid:ring-destructive/20 dark:aria-invalid:ring-destructive/40 aria-invalid:border-destructive border-foreground"
                data-slot="input"
                disabled=""
                id="lastName"
                type="text"
                value="Doe"
              />
            </div>
          </div>
          <div
            class="grid grid-cols-2 gap-4"
          >
            <div
              class="flex flex-col gap-2 my-4"
            >
              <label
                class="flex items-center gap-2 text-sm leading-none font-medium select-none group-data-[disabled=true]:pointer-events-none group-data-[disabled=true]:opacity-50 mb-1 peer-disabled:cursor-not-allowed peer-disabled:opacity-50"
                data-slot="label"
              >
                Email
              </label>
              <input
                class="file:text-foreground placeholder:text-muted-foreground/70 selection:bg-primary selection:text-primary-foreground dark:bg-input/30 flex h-11 w-full min-w-0 rounded-sm border bg-transparent px-3 py-1 text-base shadow-xs transition-[color,box-shadow] outline-none file:inline-flex file:h-7 file:border-0 file:bg-transparent file:text-sm file:font-medium disabled:pointer-events-none disabled:cursor-not-allowed disabled:opacity-50 md:text-sm focus-visible:border-ring focus-visible:ring-ring/50 focus-visible:ring-[3px] aria-invalid:ring-destructive/20 dark:aria-invalid:ring-destructive/40 aria-invalid:border-destructive border-foreground"
                data-slot="input"
                disabled=""
                id="email"
                type="email"
                value="email@gmail.com"
              />
            </div>
          </div>
          <div
            class="grid grid-cols-2 gap-4"
          >
            <div
              class="flex flex-col gap-2 my-4"
            >
              <label
                class="flex items-center gap-2 text-sm leading-none font-medium select-none group-data-[disabled=true]:pointer-events-none group-data-[disabled=true]:opacity-50 mb-1 peer-disabled:cursor-not-allowed peer-disabled:opacity-50"
                data-slot="label"
              >
                No. Handphone
              </label>
              <input
                class="file:text-foreground placeholder:text-muted-foreground/70 selection:bg-primary selection:text-primary-foreground dark:bg-input/30 flex h-11 w-full min-w-0 rounded-sm border bg-transparent px-3 py-1 text-base shadow-xs transition-[color,box-shadow] outline-none file:inline-flex file:h-7 file:border-0 file:bg-transparent file:text-sm file:font-medium disabled:pointer-events-none disabled:cursor-not-allowed disabled:opacity-50 md:text-sm focus-visible:border-ring focus-visible:ring-ring/50 focus-visible:ring-[3px] aria-invalid:ring-destructive/20 dark:aria-invalid:ring-destructive/40 aria-invalid:border-destructive border-foreground"
                data-slot="input"
                disabled=""
                id="email"
                type="tel"
                value="08123456789"
              />
            </div>
          </div>
          <div
            class="grid grid-cols-2 gap-4 mt-4"
          >
            <button
              class="inline-flex items-center justify-center gap-2 whitespace-nowrap rounded-md text-sm font-medium transition-all disabled:pointer-events-none disabled:opacity-50 [&_svg]:pointer-events-none [&_svg:not([class*='size-'])]:size-4 shrink-0 [&_svg]:shrink-0 outline-none focus-visible:border-ring focus-visible:ring-ring/50 focus-visible:ring-[3px] aria-invalid:ring-destructive/20 dark:aria-invalid:ring-destructive/40 aria-invalid:border-destructive bg-primary text-primary-foreground hover:bg-primary/90 h-9 px-4 has-[>svg]:px-3 py-5"
              data-slot="button"
            >
              Update Data
            </button>
          </div>
        </form>
      </div>
    </div>
  </body>,
  "container": <div>
    <div
      class="px-16"
    >
      <div
        class="w-40 h-40 rounded-full bg-sky-300"
      />
      <form
        action="#"
      >
        <div
          class="grid grid-cols-2 gap-4"
        >
          <div
            class="flex flex-col gap-2 my-4"
          >
            <label
              class="flex items-center gap-2 text-sm leading-none font-medium select-none group-data-[disabled=true]:pointer-events-none group-data-[disabled=true]:opacity-50 mb-1 peer-disabled:cursor-not-allowed peer-disabled:opacity-50"
              data-slot="label"
            >
              Nama Depan
            </label>
            <input
              class="file:text-foreground placeholder:text-muted-foreground/70 selection:bg-primary selection:text-primary-foreground dark:bg-input/30 flex h-11 w-full min-w-0 rounded-sm border bg-transparent px-3 py-1 text-base shadow-xs transition-[color,box-shadow] outline-none file:inline-flex file:h-7 file:border-0 file:bg-transparent file:text-sm file:font-medium disabled:pointer-events-none disabled:cursor-not-allowed disabled:opacity-50 md:text-sm focus-visible:border-ring focus-visible:ring-ring/50 focus-visible:ring-[3px] aria-invalid:ring-destructive/20 dark:aria-invalid:ring-destructive/40 aria-invalid:border-destructive border-foreground"
              data-slot="input"
              disabled=""
              id="firstName"
              type="text"
              value="John"
            />
          </div>
          <div
            class="flex flex-col gap-2 my-4"
          >
            <label
              class="flex items-center gap-2 text-sm leading-none font-medium select-none group-data-[disabled=true]:pointer-events-none group-data-[disabled=true]:opacity-50 mb-1 peer-disabled:cursor-not-allowed peer-disabled:opacity-50"
              data-slot="label"
            >
              Nama Belakang
            </label>
            <input
              class="file:text-foreground placeholder:text-muted-foreground/70 selection:bg-primary selection:text-primary-foreground dark:bg-input/30 flex h-11 w-full min-w-0 rounded-sm border bg-transparent px-3 py-1 text-base shadow-xs transition-[color,box-shadow] outline-none file:inline-flex file:h-7 file:border-0 file:bg-transparent file:text-sm file:font-medium disabled:pointer-events-none disabled:cursor-not-allowed disabled:opacity-50 md:text-sm focus-visible:border-ring focus-visible:ring-ring/50 focus-visible:ring-[3px] aria-invalid:ring-destructive/20 dark:aria-invalid:ring-destructive/40 aria-invalid:border-destructive border-foreground"
              data-slot="input"
              disabled=""
              id="lastName"
              type="text"
              value="Doe"
            />
          </div>
        </div>
        <div
          class="grid grid-cols-2 gap-4"
        >
          <div
            class="flex flex-col gap-2 my-4"
          >
            <label
              class="flex items-center gap-2 text-sm leading-none font-medium select-none group-data-[disabled=true]:pointer-events-none group-data-[disabled=true]:opacity-50 mb-1 peer-disabled:cursor-not-allowed peer-disabled:opacity-50"
              data-slot="label"
            >
              Email
            </label>
            <input
              class="file:text-foreground placeholder:text-muted-foreground/70 selection:bg-primary selection:text-primary-foreground dark:bg-input/30 flex h-11 w-full min-w-0 rounded-sm border bg-transparent px-3 py-1 text-base shadow-xs transition-[color,box-shadow] outline-none file:inline-flex file:h-7 file:border-0 file:bg-transparent file:text-sm file:font-medium disabled:pointer-events-none disabled:cursor-not-allowed disabled:opacity-50 md:text-sm focus-visible:border-ring focus-visible:ring-ring/50 focus-visible:ring-[3px] aria-invalid:ring-destructive/20 dark:aria-invalid:ring-destructive/40 aria-invalid:border-destructive border-foreground"
              data-slot="input"
              disabled=""
              id="email"
              type="email"
              value="email@gmail.com"
            />
          </div>
        </div>
        <div
          class="grid grid-cols-2 gap-4"
        >
          <div
            class="flex flex-col gap-2 my-4"
          >
            <label
              class="flex items-center gap-2 text-sm leading-none font-medium select-none group-data-[disabled=true]:pointer-events-none group-data-[disabled=true]:opacity-50 mb-1 peer-disabled:cursor-not-allowed peer-disabled:opacity-50"
              data-slot="label"
            >
              No. Handphone
            </label>
            <input
              class="file:text-foreground placeholder:text-muted-foreground/70 selection:bg-primary selection:text-primary-foreground dark:bg-input/30 flex h-11 w-full min-w-0 rounded-sm border bg-transparent px-3 py-1 text-base shadow-xs transition-[color,box-shadow] outline-none file:inline-flex file:h-7 file:border-0 file:bg-transparent file:text-sm file:font-medium disabled:pointer-events-none disabled:cursor-not-allowed disabled:opacity-50 md:text-sm focus-visible:border-ring focus-visible:ring-ring/50 focus-visible:ring-[3px] aria-invalid:ring-destructive/20 dark:aria-invalid:ring-destructive/40 aria-invalid:border-destructive border-foreground"
              data-slot="input"
              disabled=""
              id="email"
              type="tel"
              value="08123456789"
            />
          </div>
        </div>
        <div
          class="grid grid-cols-2 gap-4 mt-4"
        >
          <button
            class="inline-flex items-center justify-center gap-2 whitespace-nowrap rounded-md text-sm font-medium transition-all disabled:pointer-events-none disabled:opacity-50 [&_svg]:pointer-events-none [&_svg:not([class*='size-'])]:size-4 shrink-0 [&_svg]:shrink-0 outline-none focus-visible:border-ring focus-visible:ring-ring/50 focus-visible:ring-[3px] aria-invalid:ring-destructive/20 dark:aria-invalid:ring-destructive/40 aria-invalid:border-destructive bg-primary text-primary-foreground hover:bg-primary/90 h-9 px-4 has-[>svg]:px-3 py-5"
            data-slot="button"
          >
            Update Data
          </button>
        </div>
      </form>
    </div>
  </div>,
  "debug": [Function],
  "findAllByAltText": [Function],
  "findAllByDisplayValue": [Function],
  "findAllByLabelText": [Function],
  "findAllByPlaceholderText": [Function],
  "findAllByRole": [Function],
  "findAllByTestId": [Function],
  "findAllByText": [Function],
  "findAllByTitle": [Function],
  "findByAltText": [Function],
  "findByDisplayValue": [Function],
  "findByLabelText": [Function],
  "findByPlaceholderText": [Function],
  "findByRole": [Function],
  "findByTestId": [Function],
  "findByText": [Function],
  "findByTitle": [Function],
  "getAllByAltText": [Function],
  "getAllByDisplayValue": [Function],
  "getAllByLabelText": [Function],
  "getAllByPlaceholderText": [Function],
  "getAllByRole": [Function],
  "getAllByTestId": [Function],
  "getAllByText": [Function],
  "getAllByTitle": [Function],
  "getByAltText": [Function],
  "getByDisplayValue": [Function],
  "getByLabelText": [Function],
  "getByPlaceholderText": [Function],
  "getByRole": [Function],
  "getByTestId": [Function],
  "getByText": [Function],
  "getByTitle": [Function],
  "queryAllByAltText": [Function],
  "queryAllByDisplayValue": [Function],
  "queryAllByLabelText": [Function],
  "queryAllByPlaceholderText": [Function],
  "queryAllByRole": [Function],
  "queryAllByTestId": [Function],
  "queryAllByText": [Function],
  "queryAllByTitle": [Function],
  "queryByAltText": [Function],
  "queryByDisplayValue": [Function],
  "queryByLabelText": [Function],
  "queryByPlaceholderText": [Function],
  "queryByRole": [Function],
  "queryByTestId": [Function],
  "queryByText": [Function],
  "queryByTitle": [Function],
  "rerender": [Function],
  "unmount": [Function],
}
`;
